{"name":"Outer$Inner2","access":["public","super"],"typeparams":[],"super":{"name":"Outer","inner":{"name":"Inner1","inner":null,"args":[{"kind":"simple","type":{"kind":"class","name":"java/lang/String","inner":null,"args":[]},"annotations":[]}],"annotations":[]},"args":[{"kind":"simple","type":{"kind":"typevar","name":"T","bound":"java/lang/Object"},"annotations":[]}],"annotations":[]},"interfaces":[],"fields":[],"methods":[{"name":"<init>","access":["public"],"typeparams":[],"params":[{"visible":true,"type":{"kind":"class","name":"Outer","inner":null,"args":[],"annotations":[]},"annotations":[]}],"returns":{"type":null,"annotations":[]},"code":{"max_stack":2,"max_locals":2,"exceptions":[],"stack_map":null,"bytecode":[{"offset":0,"opr":"load","type":"ref","index":0},{"offset":1,"opr":"load","type":"ref","index":1},{"offset":2,"opr":"invoke","access":"special","method":{"is_interface":false,"ref":{"kind":"class","name":"Outer$Inner1"},"name":"<init>","args":[{"kind":"class","name":"Outer"}],"returns":null}},{"offset":5,"opr":"return","type":null}]},"annotations":[],"exceptions":[],"default":null}],"bootstrapmethods":[],"enclosingmethod":null,"innerclasses":[{"class":"Outer$Inner1","outer":"Outer","name":"Inner1","access":["public"]},{"class":"Outer$Inner2","outer":"Outer","name":"Inner2","access":["public"]}],"annotations":[],"version":[63,0]}