{"name":"Outer","access":["public","super"],"typeparams":[{"name":"T","classbound":{"kind":"class","name":"java/lang/Object","inner":null,"args":[],"annotations":[]},"interfacebound":[],"annotations":[]}],"super":{"name":"java/lang/Object","inner":null,"args":[],"annotations":[]},"interfaces":[],"fields":[],"methods":[{"name":"<init>","access":["public"],"typeparams":[],"params":[],"returns":{"type":null,"annotations":[]},"code":{"max_stack":1,"max_locals":1,"exceptions":[],"stack_map":null,"bytecode":[{"offset":0,"opr":"load","type":"ref","index":0},{"offset":1,"opr":"invoke","access":"special","method":{"is_interface":false,"ref":{"kind":"class","name":"java/lang/Object"},"name":"<init>","args":[],"returns":null}},{"offset":4,"opr":"return","type":null}]},"annotations":[],"exceptions":[],"default":null}],"bootstrapmethods":[],"enclosingmethod":null,"innerclasses":[{"class":"Outer$Inner2","outer":"Outer","name":"Inner2","access":["public"]},{"class":"Outer$Inner1","outer":"Outer","name":"Inner1","access":["public"]}],"annotations":[],"version":[63,0]}