{"name":"Outer$Inner1","access":["public","super"],"typeparams":[{"name":"K","classbound":{"kind":"class","name":"java/lang/Object","inner":null,"args":[],"annotations":[]},"interfacebound":[],"annotations":[]}],"super":{"name":"java/lang/Object","inner":null,"args":[],"annotations":[]},"interfaces":[],"fields":[],"methods":[{"name":"<init>","access":["public"],"typeparams":[],"params":[{"visible":true,"type":{"kind":"class","name":"Outer","inner":null,"args":[],"annotations":[]},"annotations":[]}],"returns":{"type":null,"annotations":[]},"code":{"max_stack":1,"max_locals":2,"exceptions":[],"stack_map":null,"bytecode":[{"offset":0,"opr":"load","type":"ref","index":0},{"offset":1,"opr":"invoke","access":"special","method":{"is_interface":false,"ref":{"kind":"class","name":"java/lang/Object"},"name":"<init>","args":[],"returns":null}},{"offset":4,"opr":"return","type":null}]},"annotations":[],"exceptions":[],"default":null}],"bootstrapmethods":[],"enclosingmethod":null,"innerclasses":[{"class":"Outer$Inner1","outer":"Outer","name":"Inner1","access":["public"]}],"annotations":[],"version":[63,0]}